// Jest Snapshot v1, https://goo.gl/fbAQLP

exports[`Компанент- полосы регулировки звука корректно отрисовывает разметку с начальными значениями 1`] = `
<input
  className="search__text"
  max={90}
  min={50}
  name="search"
  onChange={[MockFunction]}
  placeholder="Поиск"
  type="search"
  value={[MockFunction]}
/>
`;
