// Jest Snapshot v1, https://goo.gl/fbAQLP

exports[`Компанент- полосы регулировки звука корректно отрисовывает разметку с начальными значениями 1`] = `
<input
  className="barVolumeProgress"
  max={100}
  min={0}
  onChange={10}
  type="range"
  value={50}
/>
`;
